// Jest Snapshot v1, https://goo.gl/fbAQLP

exports[`pages/members/list/components/header specs should render as expected header 1`] = `<header />`;
